// Jest Snapshot v1, https://goo.gl/fbAQLP

exports[`Pruebas en el <RegisterScreen/> debe mostrarse correctamente 1`] = `
<div>
  <h3
    className="auth__title"
  >
    Register
  </h3>
  <form
    className="animate__animated animate__fadeIn animate__faster"
    onSubmit={[Function]}
  >
    <input
      autoComplete="off"
      className="auth__input"
      name="name"
      onChange={[Function]}
      placeholder="name"
      type="text"
      value="Nando"
    />
    <input
      autoComplete="off"
      className="auth__input"
      name="email"
      onChange={[Function]}
      placeholder="email"
      type="text"
      value="nando8moya@gmail.com"
    />
    <input
      className="auth__input"
      name="password"
      onChange={[Function]}
      placeholder="password"
      type="password"
      value="123456"
    />
    <input
      className="auth__input"
      name="password2"
      onChange={[Function]}
      placeholder="Confirm Password"
      type="password"
      value="123456"
    />
    <button
      className="btn btn-primary btn-block mb-5"
      disabled={false}
      type="submit"
    >
      Register
    </button>
    <a
      className="link"
      href="/auth/login"
      onClick={[Function]}
    >
      Alredy Registered
    </a>
  </form>
</div>
`;
